// Jest Snapshot v1, https://goo.gl/fbAQLP

exports[`matches snapshot 1`] = `
<Fragment>
  <Navbar />
  <styled.div>
    <About />
    <Work />
    <Testimonials />
    <CallToAction />
    <Footer />
  </styled.div>
  <ThemeButton />
</Fragment>
`;
